hash=50
hash_def=50
typed_hash=5
typed_hash_def=5
typed_hash_blk=5
hash_blk=50
hashp=5
symh=50
symh_def=50
hash_miss=key not found: "k105"
str=s6
int=60
flt=9.0
held=6
poly=6
poly_def=6
poly_blk=6
poly_neg=36
poly_chain=35
poly_if_def=5
int_def=60
int_blk=60
int_if_def=50
int_if_blk=50
int_neg=360
str_def=s6
miss_def=-1
miss_blk=210
miss_raise=index 105 outside of array bounds: -40...40
