undefined method 'call' for nil
undefined method 'call' for nil
undefined method 'call' for nil
undefined method '[]' for nil
undefined method 'yield' for nil
undefined method 'call' for nil
undefined method 'call' for nil
undefined method 'call' for nil
undefined method '[]' for nil
false
:after
2
4
9
16
"xx!"
2
4
4
11
