[:when_standard_error, :yes]
[:when_exception, :yes]
[:in_standard_error, :yes]
[:when_runtime_error, :no]
[:when_own_class, :yes]
[:when_object, :yes]
[:sub_when_user_ancestor, :yes]
[:sub_when_standard_error, :yes]
[:sub_in_exception, :yes]
[:other_when_runtime_error, :yes]
[:other_when_arg_error, :no]
[:stmt, :standard]
[:def, :std, :std]
[:poly_is_a, true, true, false]
[:poly_eqq, true, true, false]
