Plain(0,0)
Handled(1,0,nil)
Handled(2,0,nil)
NoKeywords(3,nil)
Plain(0,5)
Handled(1,5,nil)
Handled(2,5,nil)
Plain(0,0)
Handled(1,0,nil)
Handled(2,0,nil)
NoKeywords(3,nil)
Plain(0,6)
Handled(1,6,nil)
Handled(2,6,nil)
Plain(0,7)
Handled(1,7,nil)
Handled(2,7,nil)
Plain(0,0)
Handled(1,0,nil)
Plain(0,8)
Handled(1,8,nil)
Plain
Handled
Inherited
NoKeywords
ArgumentError
ArgumentError
