nil
true
NoMethodError: undefined method '+' for nil
NoMethodError: undefined method '*' for nil
NoMethodError: undefined method '-' for nil
NoMethodError: undefined method 'nan?' for nil
""
[nil, 1.0]
NoMethodError: undefined method '-@' for nil
NoMethodError: undefined method 'abs' for nil
NoMethodError: undefined method 'round' for nil
0
true
false
NaN
[NaN]
