comparison of Integer with String failed
comparison of Integer with String failed
comparison of Integer with String failed
comparison of String with 1 failed
comparison of String with 1 failed
comparison of Integer with nil failed
comparison of Integer with nil failed
comparison of NilClass with 1 failed
comparison of K with 2 failed
comparison of Integer with K failed
comparison of K with nil failed
