pos
neg
pos
pos
nil
nil
ObjSub
5
ObjSub
1267650600228229401496703205376
31
1267650600228229401496703205376
1267650600228229401496703205376
big_arity: ArgumentError
[1, 2, 3]
[1, 2, 3]
7
[7, 2, 3]
2
nil
-1
-1
-1
["x", "y"]
["x", "y"]
"z"
["z", "y"]
"z"
nil
-1
-1
-1
["z", "y", "w"]
-1
[1, 2, 3]
[1, 2, 3]
7
[7, 2, 3]
["x", "y"]
["x", "y"]
"z"
["z", "y"]
"z"
"z"
["z", "y"]
7
[7, 2]
[1, 2, 3, 4]
[1, 2, 3, 4]
[1, 2, 3, 4]
[1, 2, 3, 4]
[1, 2, 3, 5]
[1, 2, 3, 5]
["x", "y", "z"]
["x", "y", "z"]
["x", "y", "z"]
["x", "y", "z"]
3
3
3
3
11
3
short: ArgumentError
long: ArgumentError
2
3
[2, 3]
[1, 2, 3]
[1, [2, 9], 3]
[1, [], 3]
[1, 21]
[1, 21]
[1, 20]
[1, 20]
[1, 21]
[1, 21]
two_defaults: true
[1, [1, 2]]
[1, [2, 3]]
[1, [1, 2, 3]]
[1, [1, 2]]
[1, [1, 2]]
[1, [1, 2, 3]]
[1, [2, 3]]
[1, [4]]
[1, 12]
[1, [2, 3]]
[1, [2, 3]]
[1, [4]]
[1, 12]
[1, [2, 3]]
kwrest_over: ArgumentError
[1, {}]
[1, {z: 2}]
[1, {z: 2, w: 3}]
[1, {}]
kwrest_splat_over: ArgumentError
