"Sql"
"Sql"
"Sql"
"sql"
"sql.."
".sql."
"  sql"
NoMethodError (for an instance of Integer)
NoMethodError (for an instance of Integer)
NoMethodError (for an instance of Integer)
NoMethodError (for an instance of Integer)
NoMethodError (for an instance of Integer)
NoMethodError (for an instance of Integer)
NoMethodError (for an instance of Integer)
NoMethodError (for nil)
NoMethodError (for nil)
NoMethodError (for an instance of Float)
NoMethodError (for an instance of Float)
