[10, 20, 30, 40, 50]
[1.5, 3.0, 4.5, 6.0, 7.5]
["s36", "s37", "s38", "s39", "s40"]
[36, 37, 38, 39, 40]
[60, 70, 80]
["s6", "s7", "s8"]
["s6", 70, "s8"]
[60, 10]
["s6", 10]
[60, 10]
["s6", "s1"]
[50, 10]
[50, 10]
"abcdeXfghij"
[60, 70, 80]
["s6", "s7", "s8"]
[60, 70, 80]
["s6", 70, "s8"]
["s6", "s7", "s8"]
["s6", 70, "s8"]
"abcdefghijXY"
"XYZabcdefghij"
"c"
"cde"
negative array size
nil
IndexError
