"#<Foo:0xADDR @a=1> and #<Bar::Baz:0xADDR>"
"0xADDR is an address, 0x1f is not, 0x1234 neither"
"<DIR>/app.rb:3 in <DIR>.bin"
"nothing here"
"at <TIME> and <TIME> and <TIME>"
"2026-09-20 is a date, 15:04 a time: both stay"
"{\"a\" => 1, b: 2, c?: 3}"
"{\"a\" => 1, b: 2}"
"undefined method 'foo' for nil"
"undefined method 'foo' for an instance of Foo"
"undefined method 'foo' for class Foo"
"undefined method 'foo' for true"
"undefined local variable or method 'zzz' for main"
"wrong number of arguments (given 1, expected 0) in 'bar'"
"RuntimeError: boom"
"RuntimeError: boom"
"RuntimeError: boom"
"NoMethodError: undefined method 'zz' for nil"
"ArgumentError: value"
""
""
"ArgumentError: comparison of String with nil failed"
"#<A:0xADDR> at <TIME> in <DIR>/x"
"{\"k\" => #<A:0xADDR>}"
"TypeError: #<A:0xADDR> bad"
"{1 => 2, 3 => 4}"
"[3, 1, 2]"
