int<<str: TypeError: cannot store String into an Array[Integer]: a typed array holds one kind of element
[1]
int<<float: TypeError: cannot store Float into an Array[Integer]: a typed array holds one kind of element
[1]
flt<<str: TypeError: cannot store String into an Array[Float]: a typed array holds one kind of element
[1.5]
[1.5, 2.0]
str<<int: TypeError: cannot store Integer into an Array[String]: a typed array holds one kind of element
["a"]
["a", nil]
[]=: TypeError: cannot store String into an Array[Integer]: a typed array holds one kind of element
[0, 0]
[nil, 0]
push: TypeError: cannot store String into an Array[Integer]: a typed array holds one kind of element
[]
[2, 2]
unshift: TypeError: cannot store String into an Array[Integer]: a typed array holds one kind of element
[]
insert: TypeError: cannot store String into an Array[Integer]: a typed array holds one kind of element
[]
concat: TypeError: cannot store String into an Array[Integer]: a typed array holds one kind of element
[1]
fill: TypeError: cannot store String into an Array[Integer]: a typed array holds one kind of element
[0, 0]
method push: TypeError: cannot store String into an Array[Integer]: a typed array holds one kind of element
[1, 2]
[1, 2, 3]
